when open web with big PIC then firefox will use all of system memory and CPU time
User-Agent:       Mozilla/5.0 (X11; U; Linux i686; zh-CN; rv:1.8.0.4) Gecko/20060508 Firefox/1.5.0.4
Build Identifier: Mozilla/5.0 (X11; U; Linux i686; zh-CN; rv:1.8.0.4) Gecko/20060508 Firefox/1.5.0.4

this problem is often happend when visit website with big size PIC
then mostly firefox will used all of the CPU time and system memory
all i need to do is cut the power line



Reproducible: Always




Jul 17 16:58:30 InitX-T42 kernel: application firefox-bin uses obsolete OSS audio interface
Jul 17 17:07:50 InitX-T42 kernel: application java uses obsolete OSS audio interface
Jul 17 17:24:19 InitX-T42 kernel: application firefox-bin uses obsolete OSS audio interface
Jul 17 17:58:59 InitX-T42 hald[2314]: Timed out waiting for hotplug event 310. Rebasing to 311
Jul 17 18:00:50 InitX-T42 kernel: oom-killer: gfp_mask=0x1d2
Jul 17 18:00:53 InitX-T42 kernel: DMA per-cpu:
Jul 17 18:00:57 InitX-T42 kernel: cpu 0 hot: low 2, high 6, batch 1
Jul 17 18:00:57 InitX-T42 kernel: cpu 0 cold: low 0, high 2, batch 1
Jul 17 18:00:57 InitX-T42 kernel: Normal per-cpu:
Jul 17 18:00:59 InitX-T42 kernel: cpu 0 hot: low 32, high 96, batch 16
Jul 17 18:01:01 InitX-T42 kernel: cpu 0 cold: low 0, high 32, batch 16
Jul 17 18:01:01 InitX-T42 kernel: HighMem per-cpu: empty
Jul 17 18:01:01 InitX-T42 kernel:
Jul 17 18:01:01 InitX-T42 kernel: Free pages:        1252kB (0kB HighMem)
Jul 17 18:01:01 InitX-T42 kernel: Active:119795 inactive:1810 dirty:0 writeback:0 unstable:0 free:313 slab:3070 mapped:119905 pagetables:612
Jul 17 18:01:01 InitX-T42 kernel: DMA free:20kB min:20kB low:40kB high:60kB active:12856kB inactive:0kB present:16384kB
Jul 17 18:01:01 InitX-T42 kernel: protections[]: 0 0 0
Jul 17 18:01:06 InitX-T42 kernel: Normal free:1232kB min:696kB low:1392kB high:2088kB active:466324kB inactive:7240kB present:507264kB
Jul 17 18:01:11 InitX-T42 kernel: protections[]: 0 0 0
Jul 17 18:01:13 InitX-T42 kernel: HighMem free:0kB min:128kB low:256kB high:384kB active:0kB inactive:0kB present:0kB
Jul 17 18:01:30 InitX-T42 kernel: protections[]: 0 0 0
Jul 17 18:01:32 InitX-T42 kernel: DMA: 1*4kB 0*8kB 1*16kB 0*32kB 0*64kB 0*128kB 0*256kB 0*512kB 0*1024kB 0*2048kB 0*4096kB = 20kB
Jul 17 18:01:34 InitX-T42 kernel: Normal: 122*4kB 5*8kB 0*16kB 2*32kB 0*64kB 1*128kB 0*256kB 1*512kB 0*1024kB 0*2048kB 0*4096kB = 1232kB
Jul 17 18:01:37 InitX-T42 kernel: HighMem: empty
Jul 17 18:01:42 InitX-T42 kernel: Swap cache: add 0, delete 0, find 0/0, race 0+0
Jul 17 18:01:43 InitX-T42 kernel: Out of Memory: Killed process 3756 (java).
Jul 17 18:03:12 InitX-T42 kernel: oom-killer: gfp_mask=0x1d2
Jul 17 18:03:18 InitX-T42 kernel: DMA per-cpu:
Jul 17 18:03:20 InitX-T42 kernel: cpu 0 hot: low 2, high 6, batch 1
Jul 17 18:03:29 InitX-T42 kernel: cpu 0 cold: low 0, high 2, batch 1