return after return in browser/components/pocket/pktApi.js.
https://dxr.mozilla.org/mozilla-central/source/browser/components/pocket/pktApi.js#296
https://dxr.mozilla.org/mozilla-central/source/browser/components/pocket/pktApi.js#325
> return apiRequest({
> path: "/firefox/save",
> data: sendData,
> success: function(data) {
>
> // Update premium status, tag and since
> var tag = data.tags;
> if ((typeof tag !== "undefined") && Array.isArray(tags)) {
> // If a tagslist is in the response replace the tag
> setSetting('tags', JSON.stringify(data.tags));
> }
>
> // Update premium status
> var premiumStatus = data.premium_status;
> if (typeof premiumStatus !== "undefined") {
> // If a premium_status is in the response replace the premium_status
> setSetting("premium_status", premiumStatus);
> }
>
> // Save since value for further request
> setSetting('latestSince', data.since);
>
> if (options.success) {
> options.success.apply(options, Array.apply(null, arguments));
> }
> },
> error: options.error
> });
>
> return sendAction(action, options);

here, return is placed after return.
There is no variable named "action". can we just remove the second one? or is there any bug in first one?
