Firefox don't start but crashes: »run-mozilla.sh: line 72: 4393 Illegal instruction "$prog" ${1+"$@"}«
User-Agent: Mozilla/5.0 (X11; U; Linux i586; de-DE; rv:1.3a) Gecko/20021207 Phoenix/0.5
Build Identifier: Mozilla/5.0 (X11; U; Linux i586; de-DE; rv:1.3a) Gecko/20021207 Phoenix/0.5

After unzipping the firefox-0.8-i686-pc-linux-gnu.tar.gz the start of firefox
failed:

lr@niupe:~/down/firefox$ ./firefox
/home/lr/down/firefox/run-mozilla.sh: line 72: 4393 Illegal instruction
"$prog" ${1+"$@"}
lr@niupe:~/down/firefox$ echo $?
132
lr@niupe:~/down/firefox$ _

The old ~/.phoenix directory wa removed before, neither ~/.mozilla* nor
~/.fire* directory exist. If I try to start the firefox-bin directly I got:

lr@niupe:~/down/firefox$ ./firefox-bin
./firefox-bin: error while loading shared libraries: libmozjs.so: cannot open
shared object file: No such file or directory
lr@niupe:~/down/firefox$ echo $?
127
lr@niupe:~/down/firefox$ _

The libmozjs.so is present in the ~/down/firefox directory. I guessed Firefox is
able to start up without any installing procedure but it doesn't work. :-(


Reproducible: Always
Steps to Reproduce:
1. unzip firefox-0.8-i686-pc-linux-gnu.tar.gz
2. run ./firefox in the target directory

Actual Results:
The startup.sh crashed.

Expected Results:
The browser shoud start up.

I tested it on two x86 machine (K6 and P-III), both runnuing Debian/GNU Linux
(woody). 128 MB RAM, $HOME is executable and ha enough free space, /tmp is also
free.
